better-cas is faster than read-cas, which is faster than double-cas
